// Jest Snapshot v1, https://goo.gl/fbAQLP

exports[`Pruebas en <GifGridItem /> Debe mostrarse correctamente 1`] = `
<form
  onSubmit={[Function]}
>
  <hr />
  <input
    className="form-control"
    onChange={[Function]}
    placeholder="Ingresa una categorÃ­a"
    type="text"
    value=""
  />
</form>
`;
