// Jest Snapshot v1, https://goo.gl/fbAQLP

exports[`Pruebas en <GifGridItem /> Se debe mostrar correctamente el componente 1`] = `
<div
  style={
    Object {
      "height": "auto",
      "width": "200px",
    }
  }
>
  <img
    alt="sisas"
    height="200px"
    src="https://sitechecker.pro/wp-content/uploads/2017/12/URL-meaning.png"
    width="200px"
  />
  <hr />
  <p>
    sisas
  </p>
</div>
`;
